Flutter crash report.
Please report a bug at https://github.com/flutter/flutter/issues.

## command

flutter build windows --release

## exception

PathExistsException: PathExistsException: Cannot create link, path = 'C:\Users\kaito\Desktop\accounting_system\windows\flutter\ephemeral\.plugin_symlinks\jni' (OS Error: Cannot create a file when that file already exists, errno = 183)

```
#0      _Link.throwIfError (dart:io/link.dart:358:7)
#1      _Link.createSync (dart:io/link.dart:276:5)
#2      ForwardingLink.createSync (package:file/src/forwarding/forwarding_link.dart:20:16)
#3      ErrorHandlingLink.createSync.<anonymous closure> (package:flutter_tools/src/base/error_handling_io.dart:893:22)
#4      _runSync (package:flutter_tools/src/base/error_handling_io.dart:1118:16)
#5      ErrorHandlingLink.createSync (package:flutter_tools/src/base/error_handling_io.dart:892:5)
#6      _createPlatformPluginSymlinks (package:flutter_tools/src/flutter_plugins.dart:1276:12)
#7      createPluginSymlinks (package:flutter_tools/src/flutter_plugins.dart:1193:5)
#8      buildWindows (package:flutter_tools/src/windows/build_windows.dart:82:3)
<asynchronous suspension>
#9      BuildWindowsCommand.runCommand (package:flutter_tools/src/commands/build_windows.dart:73:5)
<asynchronous suspension>
#10     FlutterCommand.run.<anonymous closure> (package:flutter_tools/src/runner/flutter_command.dart:1663:27)
<asynchronous suspension>
#11     AppContext.run.<anonymous closure> (package:flutter_tools/src/base/context.dart:154:19)
<asynchronous suspension>
#12     CommandRunner.runCommand (package:args/command_runner.dart:212:13)
<asynchronous suspension>
#13     FlutterCommandRunner.runCommand.<anonymous closure> (package:flutter_tools/src/runner/flutter_command_runner.dart:496:9)
<asynchronous suspension>
#14     AppContext.run.<anonymous closure> (package:flutter_tools/src/base/context.dart:154:19)
<asynchronous suspension>
#15     FlutterCommandRunner.runCommand (package:flutter_tools/src/runner/flutter_command_runner.dart:431:5)
<asynchronous suspension>
#16     FlutterCommandRunner.run.<anonymous closure> (package:flutter_tools/src/runner/flutter_command_runner.dart:307:33)
<asynchronous suspension>
#17     run.<anonymous closure>.<anonymous closure> (package:flutter_tools/runner.dart:104:11)
<asynchronous suspension>
#18     AppContext.run.<anonymous closure> (package:flutter_tools/src/base/context.dart:154:19)
<asynchronous suspension>
#19     main (package:flutter_tools/executable.dart:103:3)
<asynchronous suspension>
```

## flutter doctor

```
[✓] Flutter (Channel stable, 3.47.1, on Microsoft Windows [Version 10.0.26200.9168], locale en-GB) [844ms]
    • Flutter version 3.47.1 on channel stable at C:\flutter
    • Upstream repository https://github.com/flutter/flutter.git
    • Framework revision 6655482ec0 (23 hours ago), 2026-08-19 10:07:23 -0700
    • Engine revision 5d53178869
    • Dart version 3.13.1
    • DevTools version 2.60.0
    • Feature flags: enable-web, enable-linux-desktop, enable-macos-desktop, enable-windows-desktop, enable-android, enable-ios, cli-animations, enable-native-assets, enable-record-use, enable-swift-package-manager, omit-legacy-version-file, enable-lldb-debugging, enable-uiscene-migration

[✓] Windows Version (Windows 11 or higher, 25H2, 2009) [2.3s]

[!] Android toolchain - develop for Android devices (Android SDK version 36.1.0) [901ms]
    • Android SDK at C:\Users\kaito\AppData\Local\Android\sdk
    • Emulator version 36.5.10.0 (build_id 15081367) (CL:N/A)
    ✗ cmdline-tools component is missing.
      Try installing or updating Android Studio.
      Alternatively, download the tools from https://developer.android.com/studio#command-line-tools-only and make sure to set the ANDROID_HOME environment variable.
      See https://developer.android.com/studio/command-line for more details.
    ✗ Android license status unknown.
      Run `flutter doctor --android-licenses` to accept the SDK licenses.
      See https://flutter.dev/to/windows-android-setup for more details.

[✓] Chrome - develop for the web [259ms]
    • Chrome at C:\Program Files\Google\Chrome\Application\chrome.exe

[✓] Visual Studio - develop Windows apps (Visual Studio Community 2026 18.9.1) [255ms]
    • Visual Studio at C:\Program Files\Microsoft Visual Studio\18\Community
    • Visual Studio Community 2026 version 18.9.12112.369
    • Windows 10 SDK version 10.0.26100.0

[✓] Connected device (3 available) [543ms]
    • Windows (desktop) • windows • windows-x64    • Microsoft Windows [Version 10.0.26200.9168]
    • Chrome (web)      • chrome  • web-javascript • Google Chrome 151.0.7922.138
    • Edge (web)        • edge    • web-javascript • Microsoft Edge 151.0.4129.93

[✓] Network resources [842ms]
    • All expected network resources are available.

! Doctor found issues in 1 category.
```
